[2026-04-27 17:44:31] Status: FAILED | To: junedominic.laurente@csucc.edu.ph | Subject: Verify Your Kalinga Coffee Account
Message Preview: 
        
        
            
                .email-container { font-family: 'Poppins', Arial, sa...
--------------------------------------------------
[2026-04-27 17:46:24] Status: FAILED | To: cherryluzquilaman@csucc.edu.ph | Subject: Verify Your Kalinga Coffee Account
Message Preview: 
        
        
            
                .email-container { font-family: 'Poppins', Arial, sa...
--------------------------------------------------
[2026-04-27 18:03:56] Status: FAILED | To: junedominic.laurente@csucc.edu.ph | Subject: Verify Your Kalinga Coffee Account
Message Preview: 
        
        
            
                .email-container { font-family: 'Poppins', Arial, sa...
--------------------------------------------------
[2026-04-27 18:10:17] Status: FAILED | To: luzdummao19cherry@gmail.com | Subject: Verify Your Kalinga Coffee Account
Message Preview: 
        
        
            
                .email-container { font-family: 'Poppins', Arial, sa...
--------------------------------------------------
[2026-04-27 18:17:17] Status: SENT | To: luzdummao19cherry@gmail.com | Subject: Verify Your Kalinga Coffee Account
Message Preview: 
        
        
            
                .email-container { font-family: 'Poppins', Arial, sa...
--------------------------------------------------
[2026-04-27 18:19:11] Status: SENT | To: luzdummao19cherry@gmail.com | Subject: Verify Your Kalinga Coffee Account
Message Preview: 
        
        
            
                .email-container { font-family: 'Poppins', Arial, sa...
--------------------------------------------------
[2026-04-27 18:22:30] Status: SENT | To: luzdummao19cherry@gmail.com | Subject: Verify Your Kalinga Coffee Account
Message Preview: 
        
        
            
                .email-container { font-family: 'Poppins', Arial, sa...
--------------------------------------------------
[2026-04-27 18:25:48] Status: SENT | To: luzdummao19cherry@gmail.com | Subject: Verify Your Kalinga Coffee Account
Message Preview: 
        
        
            
                .email-container { font-family: 'Poppins', Arial, sa...
--------------------------------------------------
[2026-04-27 18:27:15] Status: SENT | To: luzdummao19cherry@gmail.com | Subject: Verify Your Kalinga Coffee Account
Message Preview: 
        
        
            
                .email-container { font-family: 'Poppins', Arial, sa...
--------------------------------------------------
[2026-04-27 18:31:07] Status: SENT | To: luzdummao19cherry@gmail.com | Subject: Verify Your Kalinga Coffee Account
Message Preview: 
        
        
            
                .email-container { font-family: 'Poppins', Arial, sa...
--------------------------------------------------
[2026-04-27 18:34:36] Status: SENT | To: luzdummao19cherry@gmail.com | Subject: Verify Your Kalinga Coffee Account
Message Preview: 
        
        
            
                .email-container { font-family: 'Poppins', Arial, sa...
--------------------------------------------------
[2026-04-27 18:39:11] Status: SENT | To: luzdummao19cherry@gmail.com | Subject: Verify Your Kalinga Coffee Account
Message Preview: 
        
        
            
                .email-container { font-family: 'Poppins', Arial, sa...
--------------------------------------------------
[2026-04-27 18:46:55] Status: SENT | To: luzdummao19cherry@gmail.com | Subject: Verify Your Kalinga Coffee Account
Message Preview: 
        
        
            
                .email-container { font-family: 'Poppins', Arial, sa...
--------------------------------------------------
[2026-04-27 18:52:31] Status: SENT | To: luzdummao19cherry@gmail.com | Subject: Verify Your Kalinga Coffee Account
Message Preview: 
        
        
            
                .email-container { font-family: 'Poppins', Arial, sa...
--------------------------------------------------
[2026-04-27 18:53:30] Status: SENT | To: luzdummao19cherry@gmail.com | Subject: Verify Your Kalinga Coffee Account
Message Preview: 
        
        
            
                .email-container { font-family: 'Poppins', Arial, sa...
--------------------------------------------------
[2026-04-27 18:55:19] Status: SENT | To: luzdummao19cherry@gmail.com | Subject: Verify Your Kalinga Coffee Account
Message Preview: 
        
        
            
                .email-container { font-family: 'Poppins', Arial, sa...
--------------------------------------------------
[2026-04-27 18:58:44] Status: SENT | To: luzdummao19cherry@gmail.com | Subject: Verify Your Kalinga Coffee Account
Message Preview: 
        
        
            
                .email-container { font-family: 'Poppins', Arial, sa...
--------------------------------------------------
[2026-04-27 19:03:13] Status: SENT | To: luzdummao19cherry@gmail.com | Subject: Verify Your Kalinga Coffee Account
Message Preview: 
        
        
            
                .email-container { font-family: 'Poppins', Arial, sa...
--------------------------------------------------
[2026-04-27 19:04:08] Status: SENT | To: luzdummao19cherry@gmail.com | Subject: Verify Your Kalinga Coffee Account
Message Preview: 
        
        
            
                .email-container { font-family: 'Poppins', Arial, sa...
--------------------------------------------------
[2026-04-27 19:05:31] Status: SENT | To: luzdummao19cherry@gmail.com | Subject: Verify Your Kalinga Coffee Account
Message Preview: 
        
        
            
                .email-container { font-family: 'Poppins', Arial, sa...
--------------------------------------------------
[2026-04-27 19:10:37] Status: SENT | To: luzdummao19cherry@gmail.com | Subject: Verify Your Kalinga Coffee Account
Message Preview: 
        
        
            
                .email-container { font-family: 'Poppins', Arial, sa...
--------------------------------------------------
[2026-04-27 19:20:32] Status: SENT | To: luzdummao19cherry@gmail.com | Subject: Verify Your Kalinga Coffee Account
Message Preview: 
        
        
            
                .email-container { font-family: 'Poppins', Arial, sa...
--------------------------------------------------
[2026-04-27 19:23:14] Status: SENT | To: luzdummao19cherry@gmail.com | Subject: Verify Your Kalinga Coffee Account
Message Preview: 
        
        
            
                .email-container { font-family: 'Poppins', Arial, sa...
--------------------------------------------------
[2026-04-27 19:23:52] Status: SENT | To: luzdummao19cherry@gmail.com | Subject: Verify Your Kalinga Coffee Account
Message Preview: 
        
        
            
                .email-container { font-family: 'Poppins', Arial, sa...
--------------------------------------------------
[2026-04-27 19:27:03] Status: SENT | To: luzdummao19cherry@gmail.com | Subject: Verify Your Kalinga Coffee Account
Message Preview: 
        
        
            
                .email-container { font-family: 'Poppins', Arial, sa...
--------------------------------------------------
[2026-04-27 19:31:00] Status: SENT | To: luzdummao19cherry@gmail.com | Subject: Verify Your Kalinga Coffee Account
Message Preview: 
        
        
            
                .email-container { font-family: 'Poppins', Arial, sa...
--------------------------------------------------
[2026-04-27 19:33:48] Status: SENT | To: luzdummao19cherry@gmail.com | Subject: Verify Your Kalinga Coffee Account
Message Preview: 
        
        
            
                .email-container { font-family: 'Poppins', Arial, sa...
--------------------------------------------------
[2026-04-27 19:36:02] Status: SENT | To: luzdummao19cherry@gmail.com | Subject: Verify Your Kalinga Coffee Account
Message Preview: 
        
        
            
                .email-container { font-family: 'Poppins', Arial, sa...
--------------------------------------------------
[2026-04-27 19:40:05] Status: SENT | To: luzdummao19cherry@gmail.com | Subject: Verify Your Kalinga Coffee Account
Message Preview: 
        
        
            
                .email-container { font-family: 'Poppins', Arial, sa...
--------------------------------------------------
[2026-04-27 19:41:50] Status: SENT | To: luzdummao19cherry@gmail.com | Subject: Verify Your Kalinga Coffee Account
Message Preview: 
        
        
            
                .email-container { font-family: 'Poppins', Arial, sa...
--------------------------------------------------
[2026-04-28 05:08:33] Status: SENT | To: junedominic.laurente@csucc.edu.ph | Subject: Verify Your Kalinga Coffee Account
Message Preview: 
        
        
            
                .email-container { font-family: 'Poppins', Arial, sa...
--------------------------------------------------
[2026-04-28 07:50:31] Status: SENT | To: junedominic.laurente@csucc.edu.ph | Subject: Verify Your Kalinga Coffee Account
Message Preview: 
        
        
            
                .email-container { font-family: 'Poppins', Arial, sa...
--------------------------------------------------
[2026-04-28 08:35:12] Status: SENT | To: babokanghihi@gmail.com | Subject: Verify Your Kalinga Coffee Account
Message Preview: 
        
        
            
                .email-container { font-family: 'Poppins', Arial, sa...
--------------------------------------------------
[2026-04-29 08:18:22] Status: SENT | To: jdomelaurente@gmail.com | Subject: Verify Your Kalinga Coffee Account
Message Preview: 
        
        
            
                .email-container { font-family: 'Poppins', Arial, sa...
--------------------------------------------------
[2026-05-04 16:11:20] Status: SENT | To: jdomelaurente@gmail.com | Subject: Verify Your Kalinga Coffee Account
Message Preview: 
        
        
            
                .email-container { font-family: 'Poppins', Arial, sa...
--------------------------------------------------
[2026-05-04 16:13:24] Status: SENT | To: jdomelaurente@gmail.com | Subject: Verify Your Kalinga Coffee Account
Message Preview: 
        
        
            
                .email-container { font-family: 'Poppins', Arial, sa...
--------------------------------------------------
[2026-05-05 06:15:43] Status: SENT | To: jdomelaurente@gmail.com | Subject: Verify Your Kalinga Coffee Account
Message Preview: 
        
        
            
                .email-container { font-family: 'Poppins', Arial, sa...
--------------------------------------------------
[2026-05-05 06:16:36] Status: SENT | To: jdomelaurente@gmail.com | Subject: Verify Your Kalinga Coffee Account
Message Preview: 
        
        
            
                .email-container { font-family: 'Poppins', Arial, sa...
--------------------------------------------------
[2026-05-05 07:52:11] Status: SENT | To: jdomelaurente@gmail.com | Subject: Verify Your Kalinga Coffee Account
Message Preview: 
        
        
            
                .email-container { font-family: 'Poppins', Arial, sa...
--------------------------------------------------
[2026-05-05 08:00:21] Status: SENT | To: jdomelaurente@gmail.com | Subject: Verify Your Kalinga Coffee Account
Message Preview: 
        
        
            
                .email-container { font-family: 'Poppins', Arial, sa...
--------------------------------------------------
[2026-05-05 08:46:03] Status: SENT | To: jdomelaurente@gmail.com | Subject: Verify Your Kalinga Coffee Account
Message Preview: 
        
        
            
                .email-container { font-family: 'Poppins', Arial, sa...
--------------------------------------------------
